[2026-07-09 17:19:55] [WRN] No store type was specified for the decimal property 'Price' on entity type 'Driver'. This will cause values to be silently truncated if they do not fit in the default precision and scale. Explicitly specify the SQL server column type that can accommodate all the values in 'OnModelCreating' using 'HasColumnType', specify precision and scale using 'HasPrecision', or configure a value converter using 'HasConversion'.
[2026-07-09 17:19:55] [WRN] No store type was specified for the decimal property 'Budget' on entity type 'FantasyTeam'. This will cause values to be silently truncated if they do not fit in the default precision and scale. Explicitly specify the SQL server column type that can accommodate all the values in 'OnModelCreating' using 'HasColumnType', specify precision and scale using 'HasPrecision', or configure a value converter using 'HasConversion'.
[2026-07-09 17:19:57] [INF] HTTP GET / responded 200 in 213.9763 ms for Anonymous
[2026-07-09 17:19:57] [INF] HTTP GET /F1_Fantasy_liga.styles.css responded 404 in 48.3431 ms for Anonymous
[2026-07-09 17:20:04] [INF] HTTP GET /drivers responded 200 in 233.0974 ms for Anonymous
[2026-07-09 17:20:04] [INF] HTTP GET /F1_Fantasy_liga.styles.css responded 404 in 1.8669 ms for Anonymous
[2026-07-09 17:20:15] [INF] HTTP GET /account/login responded 200 in 53.5967 ms for Anonymous
[2026-07-09 17:20:15] [INF] HTTP GET /F1_Fantasy_liga.styles.css responded 404 in 1.2109 ms for Anonymous
[2026-07-09 17:20:23] [INF] Starting action Account.Login for Anonymous
[2026-07-09 17:20:23] [INF] Finished action Account.Login for Anonymous with status 200
[2026-07-09 17:20:23] [INF] HTTP POST /account/login responded 302 in 183.5639 ms for marko@email.com
[2026-07-09 17:20:23] [INF] HTTP GET / responded 200 in 7.5985 ms for marko@email.com
[2026-07-09 17:20:23] [INF] HTTP GET /F1_Fantasy_liga.styles.css responded 404 in 3.1439 ms for marko@email.com
[2026-07-09 17:20:31] [INF] HTTP GET /F1_Fantasy_liga.styles.css responded 404 in 10.5107 ms for marko@email.com
[2026-07-09 17:20:31] [INF] HTTP GET /.well-known/appspecific/com.chrome.devtools.json responded 404 in 0.8665 ms for marko@email.com
[2026-07-09 17:23:47] [WRN] Compiling a query which loads related collections for more than one collection navigation, either via 'Include' or through projection, but no 'QuerySplittingBehavior' has been configured. By default, Entity Framework will use 'QuerySplittingBehavior.SingleQuery', which can potentially result in slow query performance. See https://go.microsoft.com/fwlink/?linkid=2134277 for more information. To identify the query that's triggering this warning call 'ConfigureWarnings(w => w.Throw(RelationalEventId.MultipleCollectionIncludeWarning))'.
[2026-07-09 17:23:47] [INF] HTTP GET /build-team responded 200 in 99.9928 ms for marko@email.com
[2026-07-09 17:23:47] [INF] HTTP GET /F1_Fantasy_liga.styles.css responded 404 in 1.0152 ms for marko@email.com
[2026-07-09 17:23:47] [INF] HTTP GET /.well-known/appspecific/com.chrome.devtools.json responded 404 in 0.8922 ms for marko@email.com
[2026-07-09 17:23:49] [INF] HTTP GET /drivers responded 200 in 18.0149 ms for marko@email.com
[2026-07-09 17:23:49] [INF] HTTP GET /F1_Fantasy_liga.styles.css responded 404 in 2.2863 ms for marko@email.com
[2026-07-09 17:23:49] [INF] HTTP GET /.well-known/appspecific/com.chrome.devtools.json responded 404 in 1.1856 ms for marko@email.com
[2026-07-09 17:23:51] [WRN] Compiling a query which loads related collections for more than one collection navigation, either via 'Include' or through projection, but no 'QuerySplittingBehavior' has been configured. By default, Entity Framework will use 'QuerySplittingBehavior.SingleQuery', which can potentially result in slow query performance. See https://go.microsoft.com/fwlink/?linkid=2134277 for more information. To identify the query that's triggering this warning call 'ConfigureWarnings(w => w.Throw(RelationalEventId.MultipleCollectionIncludeWarning))'.
[2026-07-09 17:23:51] [INF] HTTP GET /constructors responded 200 in 42.0806 ms for marko@email.com
[2026-07-09 17:23:51] [INF] HTTP GET /F1_Fantasy_liga.styles.css responded 404 in 0.9199 ms for marko@email.com
[2026-07-09 17:23:51] [INF] HTTP GET /.well-known/appspecific/com.chrome.devtools.json responded 404 in 1.9492 ms for marko@email.com
[2026-07-09 17:23:53] [INF] HTTP GET /circuits responded 200 in 30.4555 ms for marko@email.com
[2026-07-09 17:23:53] [INF] HTTP GET /F1_Fantasy_liga.styles.css responded 404 in 2.3265 ms for marko@email.com
[2026-07-09 17:23:53] [INF] HTTP GET /.well-known/appspecific/com.chrome.devtools.json responded 404 in 0.7519 ms for marko@email.com
[2026-07-09 17:23:54] [INF] HTTP GET /races responded 200 in 33.6928 ms for marko@email.com
[2026-07-09 17:23:54] [INF] HTTP GET /F1_Fantasy_liga.styles.css responded 404 in 1.7466 ms for marko@email.com
[2026-07-09 17:23:54] [INF] HTTP GET /.well-known/appspecific/com.chrome.devtools.json responded 404 in 0.9970 ms for marko@email.com
[2026-07-09 17:23:55] [INF] HTTP GET /race-results responded 200 in 29.6964 ms for marko@email.com
[2026-07-09 17:23:55] [INF] HTTP GET /F1_Fantasy_liga.styles.css responded 404 in 2.1752 ms for marko@email.com
[2026-07-09 17:23:55] [INF] HTTP GET /.well-known/appspecific/com.chrome.devtools.json responded 404 in 0.8215 ms for marko@email.com
[2026-07-09 17:23:56] [INF] HTTP GET /users responded 200 in 30.5784 ms for marko@email.com
[2026-07-09 17:23:56] [INF] HTTP GET /F1_Fantasy_liga.styles.css responded 404 in 1.6034 ms for marko@email.com
[2026-07-09 17:23:56] [INF] HTTP GET /.well-known/appspecific/com.chrome.devtools.json responded 404 in 0.7903 ms for marko@email.com
[2026-07-09 17:23:57] [INF] HTTP GET /fantasy-leagues responded 200 in 37.1489 ms for marko@email.com
[2026-07-09 17:23:57] [INF] HTTP GET /F1_Fantasy_liga.styles.css responded 404 in 2.5503 ms for marko@email.com
[2026-07-09 17:23:57] [INF] HTTP GET /.well-known/appspecific/com.chrome.devtools.json responded 404 in 0.7602 ms for marko@email.com
[2026-07-09 17:23:57] [WRN] Compiling a query which loads related collections for more than one collection navigation, either via 'Include' or through projection, but no 'QuerySplittingBehavior' has been configured. By default, Entity Framework will use 'QuerySplittingBehavior.SingleQuery', which can potentially result in slow query performance. See https://go.microsoft.com/fwlink/?linkid=2134277 for more information. To identify the query that's triggering this warning call 'ConfigureWarnings(w => w.Throw(RelationalEventId.MultipleCollectionIncludeWarning))'.
[2026-07-09 17:23:58] [INF] HTTP GET /fantasy-teams responded 200 in 142.6675 ms for marko@email.com
[2026-07-09 17:23:58] [INF] HTTP GET /F1_Fantasy_liga.styles.css responded 404 in 1.9728 ms for marko@email.com
[2026-07-09 17:23:58] [INF] HTTP GET /.well-known/appspecific/com.chrome.devtools.json responded 404 in 0.7126 ms for marko@email.com
[2026-07-09 17:24:07] [INF] HTTP GET /constructors responded 200 in 7.6891 ms for marko@email.com
[2026-07-09 17:24:07] [INF] HTTP GET /F1_Fantasy_liga.styles.css responded 404 in 0.6409 ms for marko@email.com
[2026-07-09 17:24:11] [INF] Starting action Constructors.Create for marko@email.com
[2026-07-09 17:24:11] [INF] Finished action Constructors.Create for marko@email.com with status 200
[2026-07-09 17:24:11] [INF] HTTP GET /constructors/create responded 200 in 36.1836 ms for marko@email.com
[2026-07-09 17:24:11] [INF] HTTP GET /F1_Fantasy_liga.styles.css responded 404 in 1.2863 ms for marko@email.com
[2026-07-09 17:24:26] [INF] Starting action Constructors.Create for marko@email.com
[2026-07-09 17:24:26] [INF] Finished action Constructors.Create for marko@email.com with status 200
[2026-07-09 17:24:26] [INF] HTTP POST /constructors/create responded 302 in 117.8150 ms for marko@email.com
[2026-07-09 17:24:26] [INF] HTTP GET /constructors responded 200 in 19.2228 ms for marko@email.com
[2026-07-09 17:24:26] [INF] HTTP GET /F1_Fantasy_liga.styles.css responded 404 in 0.5384 ms for marko@email.com
[2026-07-09 22:12:06] [WRN] No store type was specified for the decimal property 'Price' on entity type 'Driver'. This will cause values to be silently truncated if they do not fit in the default precision and scale. Explicitly specify the SQL server column type that can accommodate all the values in 'OnModelCreating' using 'HasColumnType', specify precision and scale using 'HasPrecision', or configure a value converter using 'HasConversion'.
[2026-07-09 22:12:06] [WRN] No store type was specified for the decimal property 'Budget' on entity type 'FantasyTeam'. This will cause values to be silently truncated if they do not fit in the default precision and scale. Explicitly specify the SQL server column type that can accommodate all the values in 'OnModelCreating' using 'HasColumnType', specify precision and scale using 'HasPrecision', or configure a value converter using 'HasConversion'.
[2026-07-09 22:12:08] [INF] HTTP GET / responded 200 in 419.6062 ms for marko@email.com
[2026-07-09 22:12:08] [INF] HTTP GET /F1_Fantasy_liga.styles.css responded 404 in 38.0948 ms for marko@email.com
[2026-07-09 22:12:08] [INF] HTTP GET /js/site.js responded 200 in 96.9473 ms for Anonymous
[2026-07-09 22:12:08] [INF] HTTP GET /css/site.css responded 200 in 96.9420 ms for Anonymous
[2026-07-09 22:12:39] [INF] Starting action Account.Logout for marko@email.com
[2026-07-09 22:12:39] [INF] Finished action Account.Logout for marko@email.com with status 200
[2026-07-09 22:12:39] [INF] HTTP POST /account/logout responded 302 in 41.4496 ms for marko@email.com
[2026-07-09 22:12:39] [INF] HTTP GET /F1_Fantasy_liga.styles.css responded 404 in 8.5136 ms for Anonymous
[2026-07-09 22:12:39] [INF] HTTP GET /js/site.js responded 304 in 23.8443 ms for Anonymous
[2026-07-09 22:12:39] [INF] HTTP GET /css/site.css responded 304 in 23.8936 ms for Anonymous
[2026-07-09 22:12:39] [INF] HTTP GET / responded 200 in 72.0163 ms for Anonymous
[2026-07-09 22:12:56] [INF] HTTP GET /drivers responded 200 in 183.3781 ms for Anonymous
[2026-07-09 22:12:56] [INF] HTTP GET /css/site.css responded 304 in 0.3706 ms for Anonymous
[2026-07-09 22:12:56] [INF] HTTP GET /F1_Fantasy_liga.styles.css responded 404 in 0.4835 ms for Anonymous
[2026-07-09 22:12:56] [INF] HTTP GET /js/site.js responded 304 in 0.9786 ms for Anonymous
[2026-07-09 22:13:12] [WRN] Compiling a query which loads related collections for more than one collection navigation, either via 'Include' or through projection, but no 'QuerySplittingBehavior' has been configured. By default, Entity Framework will use 'QuerySplittingBehavior.SingleQuery', which can potentially result in slow query performance. See https://go.microsoft.com/fwlink/?linkid=2134277 for more information. To identify the query that's triggering this warning call 'ConfigureWarnings(w => w.Throw(RelationalEventId.MultipleCollectionIncludeWarning))'.
[2026-07-09 22:13:12] [INF] HTTP GET /constructors responded 200 in 67.8876 ms for Anonymous
[2026-07-09 22:13:12] [INF] HTTP GET /css/site.css responded 304 in 0.3004 ms for Anonymous
[2026-07-09 22:13:12] [INF] HTTP GET /F1_Fantasy_liga.styles.css responded 404 in 0.5143 ms for Anonymous
[2026-07-09 22:13:12] [INF] HTTP GET /js/site.js responded 304 in 0.9024 ms for Anonymous
[2026-07-09 22:13:13] [INF] HTTP GET /circuits responded 200 in 37.4752 ms for Anonymous
[2026-07-09 22:13:13] [INF] HTTP GET /F1_Fantasy_liga.styles.css responded 404 in 0.9497 ms for Anonymous
[2026-07-09 22:13:14] [WRN] Compiling a query which loads related collections for more than one collection navigation, either via 'Include' or through projection, but no 'QuerySplittingBehavior' has been configured. By default, Entity Framework will use 'QuerySplittingBehavior.SingleQuery', which can potentially result in slow query performance. See https://go.microsoft.com/fwlink/?linkid=2134277 for more information. To identify the query that's triggering this warning call 'ConfigureWarnings(w => w.Throw(RelationalEventId.MultipleCollectionIncludeWarning))'.
[2026-07-09 22:13:14] [INF] HTTP GET /build-team responded 200 in 49.5796 ms for Anonymous
[2026-07-09 22:13:14] [INF] HTTP GET /F1_Fantasy_liga.styles.css responded 404 in 1.2070 ms for Anonymous
[2026-07-09 22:13:14] [INF] HTTP GET / responded 200 in 3.8727 ms for Anonymous
[2026-07-09 22:13:14] [INF] HTTP GET /F1_Fantasy_liga.styles.css responded 404 in 0.9988 ms for Anonymous
[2026-07-09 22:17:44] [WRN] No store type was specified for the decimal property 'Price' on entity type 'Driver'. This will cause values to be silently truncated if they do not fit in the default precision and scale. Explicitly specify the SQL server column type that can accommodate all the values in 'OnModelCreating' using 'HasColumnType', specify precision and scale using 'HasPrecision', or configure a value converter using 'HasConversion'.
[2026-07-09 22:17:44] [WRN] No store type was specified for the decimal property 'Budget' on entity type 'FantasyTeam'. This will cause values to be silently truncated if they do not fit in the default precision and scale. Explicitly specify the SQL server column type that can accommodate all the values in 'OnModelCreating' using 'HasColumnType', specify precision and scale using 'HasPrecision', or configure a value converter using 'HasConversion'.
[2026-07-09 22:17:45] [INF] HTTP GET / responded 200 in 217.1863 ms for Anonymous
[2026-07-09 22:17:45] [INF] HTTP GET /css/site.css responded 304 in 72.6787 ms for Anonymous
[2026-07-09 22:17:45] [INF] HTTP GET /js/site.js responded 304 in 72.4527 ms for Anonymous
[2026-07-09 22:17:45] [INF] HTTP GET /F1_Fantasy_liga.styles.css responded 404 in 35.3426 ms for Anonymous
[2026-07-09 22:17:49] [INF] HTTP GET /F1_Fantasy_liga.styles.css responded 404 in 4.1547 ms for Anonymous
[2026-07-09 22:17:49] [INF] HTTP GET /.well-known/appspecific/com.chrome.devtools.json responded 404 in 1.2069 ms for Anonymous
[2026-07-09 22:18:38] [INF] HTTP GET / responded 200 in 8.6345 ms for Anonymous
[2026-07-09 22:18:38] [INF] HTTP GET /css/site.css responded 304 in 1.6979 ms for Anonymous
[2026-07-09 22:18:38] [INF] HTTP GET /js/site.js responded 304 in 1.4211 ms for Anonymous
[2026-07-09 22:18:38] [INF] HTTP GET /F1_Fantasy_liga.styles.css responded 404 in 1.7372 ms for Anonymous
[2026-07-09 22:18:38] [INF] HTTP GET /.well-known/appspecific/com.chrome.devtools.json responded 404 in 0.5912 ms for Anonymous
[2026-07-09 22:20:20] [INF] HTTP GET /account/login responded 200 in 78.0306 ms for Anonymous
[2026-07-09 22:20:20] [INF] HTTP GET /css/site.css responded 304 in 0.7493 ms for Anonymous
[2026-07-09 22:20:20] [INF] HTTP GET /js/site.js responded 304 in 0.9940 ms for Anonymous
[2026-07-09 22:20:20] [INF] HTTP GET /F1_Fantasy_liga.styles.css responded 404 in 1.6818 ms for Anonymous
[2026-07-09 22:20:27] [INF] Starting action Account.Login for Anonymous
[2026-07-09 22:20:28] [INF] Finished action Account.Login for Anonymous with status 200
[2026-07-09 22:20:28] [INF] HTTP POST /account/login responded 302 in 321.7562 ms for marko@email.com
[2026-07-09 22:20:28] [INF] HTTP GET / responded 200 in 9.1167 ms for marko@email.com
[2026-07-09 22:20:28] [INF] HTTP GET /F1_Fantasy_liga.styles.css responded 404 in 4.5368 ms for marko@email.com
[2026-07-09 22:20:49] [WRN] Compiling a query which loads related collections for more than one collection navigation, either via 'Include' or through projection, but no 'QuerySplittingBehavior' has been configured. By default, Entity Framework will use 'QuerySplittingBehavior.SingleQuery', which can potentially result in slow query performance. See https://go.microsoft.com/fwlink/?linkid=2134277 for more information. To identify the query that's triggering this warning call 'ConfigureWarnings(w => w.Throw(RelationalEventId.MultipleCollectionIncludeWarning))'.
[2026-07-09 22:20:49] [INF] HTTP GET /build-team responded 200 in 253.9192 ms for marko@email.com
[2026-07-09 22:20:49] [INF] HTTP GET /F1_Fantasy_liga.styles.css responded 404 in 10.1735 ms for marko@email.com
[2026-07-09 22:20:56] [INF] HTTP GET / responded 200 in 5.7040 ms for marko@email.com
[2026-07-09 22:20:56] [INF] HTTP GET /F1_Fantasy_liga.styles.css responded 404 in 2.3686 ms for marko@email.com
[2026-07-09 22:21:07] [INF] HTTP GET /drivers responded 200 in 61.9917 ms for marko@email.com
[2026-07-09 22:21:07] [INF] HTTP GET /F1_Fantasy_liga.styles.css responded 404 in 1.3475 ms for marko@email.com
[2026-07-09 22:24:40] [WRN] No store type was specified for the decimal property 'Price' on entity type 'Driver'. This will cause values to be silently truncated if they do not fit in the default precision and scale. Explicitly specify the SQL server column type that can accommodate all the values in 'OnModelCreating' using 'HasColumnType', specify precision and scale using 'HasPrecision', or configure a value converter using 'HasConversion'.
[2026-07-09 22:24:40] [WRN] No store type was specified for the decimal property 'Budget' on entity type 'FantasyTeam'. This will cause values to be silently truncated if they do not fit in the default precision and scale. Explicitly specify the SQL server column type that can accommodate all the values in 'OnModelCreating' using 'HasColumnType', specify precision and scale using 'HasPrecision', or configure a value converter using 'HasConversion'.
[2026-07-09 22:24:42] [INF] HTTP GET / responded 200 in 164.8391 ms for marko@email.com
[2026-07-09 22:24:42] [INF] HTTP GET /F1_Fantasy_liga.styles.css responded 404 in 72.3378 ms for marko@email.com
[2026-07-09 22:24:42] [INF] HTTP GET /css/site.css responded 304 in 72.1652 ms for Anonymous
[2026-07-09 22:24:42] [INF] HTTP GET /js/site.js responded 304 in 72.1635 ms for Anonymous
[2026-07-09 22:24:56] [INF] Starting action Account.Logout for marko@email.com
[2026-07-09 22:24:56] [INF] Finished action Account.Logout for marko@email.com with status 200
[2026-07-09 22:24:56] [INF] HTTP POST /account/logout responded 302 in 40.2611 ms for marko@email.com
[2026-07-09 22:24:56] [INF] HTTP GET / responded 200 in 13.0496 ms for Anonymous
[2026-07-09 22:24:56] [INF] HTTP GET /F1_Fantasy_liga.styles.css responded 404 in 1.2787 ms for Anonymous
[2026-07-09 22:31:19] [WRN] No store type was specified for the decimal property 'Price' on entity type 'Driver'. This will cause values to be silently truncated if they do not fit in the default precision and scale. Explicitly specify the SQL server column type that can accommodate all the values in 'OnModelCreating' using 'HasColumnType', specify precision and scale using 'HasPrecision', or configure a value converter using 'HasConversion'.
[2026-07-09 22:31:19] [WRN] No store type was specified for the decimal property 'Budget' on entity type 'FantasyTeam'. This will cause values to be silently truncated if they do not fit in the default precision and scale. Explicitly specify the SQL server column type that can accommodate all the values in 'OnModelCreating' using 'HasColumnType', specify precision and scale using 'HasPrecision', or configure a value converter using 'HasConversion'.
[2026-07-09 22:31:20] [INF] HTTP GET / responded 200 in 200.1466 ms for Anonymous
[2026-07-09 22:31:20] [INF] HTTP GET /F1_Fantasy_liga.styles.css responded 404 in 28.5092 ms for Anonymous
[2026-07-09 22:31:20] [INF] HTTP GET /css/site.css responded 304 in 29.2623 ms for Anonymous
[2026-07-09 22:31:20] [INF] HTTP GET /js/site.js responded 200 in 59.6733 ms for Anonymous
[2026-07-09 22:31:25] [INF] HTTP GET /search responded 200 in 218.9931 ms for Anonymous
[2026-07-09 22:31:25] [INF] HTTP GET /search responded 200 in 52.9646 ms for Anonymous
[2026-07-09 22:31:26] [INF] HTTP GET /search responded 200 in 32.4506 ms for Anonymous
[2026-07-09 22:31:28] [WRN] Compiling a query which loads related collections for more than one collection navigation, either via 'Include' or through projection, but no 'QuerySplittingBehavior' has been configured. By default, Entity Framework will use 'QuerySplittingBehavior.SingleQuery', which can potentially result in slow query performance. See https://go.microsoft.com/fwlink/?linkid=2134277 for more information. To identify the query that's triggering this warning call 'ConfigureWarnings(w => w.Throw(RelationalEventId.MultipleCollectionIncludeWarning))'.
[2026-07-09 22:31:28] [INF] HTTP GET /constructors/2 responded 200 in 171.0449 ms for Anonymous
[2026-07-09 22:31:28] [INF] HTTP GET /js/site.js responded 304 in 0.8624 ms for Anonymous
[2026-07-09 22:31:28] [INF] HTTP GET /F1_Fantasy_liga.styles.css responded 404 in 0.9348 ms for Anonymous
[2026-07-09 22:31:35] [INF] HTTP GET /search responded 200 in 35.4181 ms for Anonymous
[2026-07-09 22:31:35] [INF] HTTP GET /search responded 200 in 11.3002 ms for Anonymous
[2026-07-09 22:31:37] [INF] HTTP GET /search responded 200 in 11.2457 ms for Anonymous
[2026-07-09 22:31:41] [WRN] Compiling a query which loads related collections for more than one collection navigation, either via 'Include' or through projection, but no 'QuerySplittingBehavior' has been configured. By default, Entity Framework will use 'QuerySplittingBehavior.SingleQuery', which can potentially result in slow query performance. See https://go.microsoft.com/fwlink/?linkid=2134277 for more information. To identify the query that's triggering this warning call 'ConfigureWarnings(w => w.Throw(RelationalEventId.MultipleCollectionIncludeWarning))'.
[2026-07-09 22:31:41] [INF] HTTP GET /fantasy-teams/4 responded 200 in 166.5063 ms for Anonymous
[2026-07-09 22:31:41] [INF] HTTP GET /js/site.js responded 304 in 0.8763 ms for Anonymous
[2026-07-09 22:31:41] [INF] HTTP GET /F1_Fantasy_liga.styles.css responded 404 in 1.3616 ms for Anonymous
